---
http_interactions:
- request:
    method: put
    uri: https://some_bucket_name.s3.amazonaws.com/
    body:
      encoding: UTF-8
      string: ''
    headers:
      Content-Type:
      - ''
      Accept-Encoding:
      - ''
      User-Agent:
      - aws-sdk-ruby3/3.44.1 ruby/2.5.0 x86_64-darwin16 aws-sdk-s3/1.30.0
      Host:
      - some_bucket_name.s3.amazonaws.com
      X-Amz-Date:
      - 20190611T210719Z
      X-Amz-Content-Sha256:
      - e3b0c44298fc1c149afbf4c8996fb92427ae41e4649b934ca495991b7852b855
      Authorization:
      - AWS4-HMAC-SHA256 Credential=AWS_ACCESS_KEY_ID/20190611/us-east-1/s3/aws4_request,
        SignedHeaders=host;user-agent;x-amz-content-sha256;x-amz-date, Signature=<SignatureValue>
      Content-Length:
      - '0'
      Accept:
      - "*/*"
  response:
    status:
      code: 200
      message: OK
    headers:
      X-Amz-Id-2:
      - KbeborWd20LjiUYFaQla+wzwVxc8bcfBxQbaTE77buC5h78r6OP3PyL5lKOrESH8TJtAXCFTOTM=
      X-Amz-Request-Id:
      - 581D57C10FB96EC4
      Date:
      - Tue, 11 Jun 2019 21:07:20 GMT
      Location:
      - "/some_bucket_name"
      Content-Length:
      - '0'
      Server:
      - AmazonS3
    body:
      encoding: UTF-8
      string: ''
    http_version: 
  recorded_at: Tue, 11 Jun 2019 21:07:19 GMT
- request:
    method: put
    uri: https://some_bucket_name.s3.amazonaws.com/rex/releases/alpha/1/release.json
    body:
      encoding: UTF-8
      string: '{"whatever":"here"}'
    headers:
      Content-Type:
      - ''
      Accept-Encoding:
      - ''
      User-Agent:
      - aws-sdk-ruby3/3.44.1 ruby/2.5.0 x86_64-darwin16 aws-sdk-s3/1.30.0
      Expect:
      - 100-continue
      Content-Md5:
      - y+OGBnXCeVY21IEQ1ofDug==
      Host:
      - some_bucket_name.s3.amazonaws.com
      X-Amz-Date:
      - 20190611T210719Z
      X-Amz-Content-Sha256:
      - cc4d230ded561214c1a71a91632bc3a57ec73ab45c4b27037075d80a2ebef88a
      Authorization:
      - AWS4-HMAC-SHA256 Credential=AWS_ACCESS_KEY_ID/20190611/us-east-1/s3/aws4_request,
        SignedHeaders=content-md5;expect;host;user-agent;x-amz-content-sha256;x-amz-date,
        Signature=<SignatureValue>
      Content-Length:
      - '19'
      Accept:
      - "*/*"
  response:
    status:
      code: 200
      message: OK
    headers:
      X-Amz-Id-2:
      - AX/aPExEGQr2DmKEE/0skkDU0el962/gVv97p3sK2qjwOPDmz10R47mRbdk+K42TyVDSZVp3GKM=
      X-Amz-Request-Id:
      - CAC504D13FAF3844
      Date:
      - Tue, 11 Jun 2019 21:07:21 GMT
      Etag:
      - '"cbe3860675c2795636d48110d687c3ba"'
      Content-Length:
      - '0'
      Server:
      - AmazonS3
    body:
      encoding: UTF-8
      string: ''
    http_version: 
  recorded_at: Tue, 11 Jun 2019 21:07:20 GMT
- request:
    method: get
    uri: https://some_bucket_name.s3.amazonaws.com/?delimiter=/&encoding-type=url&prefix=rex/releases/
    body:
      encoding: UTF-8
      string: ''
    headers:
      Content-Type:
      - ''
      Accept-Encoding:
      - ''
      User-Agent:
      - aws-sdk-ruby3/3.44.1 ruby/2.5.0 x86_64-darwin16 aws-sdk-s3/1.30.0
      Host:
      - some_bucket_name.s3.amazonaws.com
      X-Amz-Date:
      - 20190611T210720Z
      X-Amz-Content-Sha256:
      - e3b0c44298fc1c149afbf4c8996fb92427ae41e4649b934ca495991b7852b855
      Authorization:
      - AWS4-HMAC-SHA256 Credential=AWS_ACCESS_KEY_ID/20190611/us-east-1/s3/aws4_request,
        SignedHeaders=host;user-agent;x-amz-content-sha256;x-amz-date, Signature=<SignatureValue>
      Content-Length:
      - '0'
      Accept:
      - "*/*"
  response:
    status:
      code: 200
      message: OK
    headers:
      X-Amz-Id-2:
      - A54dlav1JRxOhbhorylXgEZdSKixWPUkpB//Xb42NJ14N9KTnyZia3fGnKF204gHiSUicr9tuVY=
      X-Amz-Request-Id:
      - CFD8D64F632D2654
      Date:
      - Tue, 11 Jun 2019 21:07:21 GMT
      X-Amz-Bucket-Region:
      - us-east-1
      Content-Type:
      - application/xml
      Transfer-Encoding:
      - chunked
      Server:
      - AmazonS3
    body:
      encoding: UTF-8
      string: |-
        <?xml version="1.0" encoding="UTF-8"?>
        <ListBucketResult xmlns="http://s3.amazonaws.com/doc/2006-03-01/"><Name>some_bucket_name</Name><Prefix>rex/releases/</Prefix><Marker></Marker><MaxKeys>1000</MaxKeys><Delimiter>/</Delimiter><EncodingType>url</EncodingType><IsTruncated>false</IsTruncated><CommonPrefixes><Prefix>rex/releases/alpha/</Prefix></CommonPrefixes></ListBucketResult>
    http_version: 
  recorded_at: Tue, 11 Jun 2019 21:07:21 GMT
- request:
    method: get
    uri: https://some_bucket_name.s3.amazonaws.com/rex/releases/alpha/rex/release.json
    body:
      encoding: UTF-8
      string: ''
    headers:
      Content-Type:
      - ''
      Accept-Encoding:
      - ''
      User-Agent:
      - aws-sdk-ruby3/3.44.1 ruby/2.5.0 x86_64-darwin16 aws-sdk-s3/1.30.0
      Host:
      - some_bucket_name.s3.amazonaws.com
      X-Amz-Date:
      - 20190611T210721Z
      X-Amz-Content-Sha256:
      - e3b0c44298fc1c149afbf4c8996fb92427ae41e4649b934ca495991b7852b855
      Authorization:
      - AWS4-HMAC-SHA256 Credential=AWS_ACCESS_KEY_ID/20190611/us-east-1/s3/aws4_request,
        SignedHeaders=host;user-agent;x-amz-content-sha256;x-amz-date, Signature=<SignatureValue>
      Content-Length:
      - '0'
      Accept:
      - "*/*"
  response:
    status:
      code: 404
      message: Not Found
    headers:
      X-Amz-Request-Id:
      - 4EA115E7F73ED850
      X-Amz-Id-2:
      - 1+STpzWl2NtJYWEF/giKaDezq7fstv2Dat+LPSuyh/ZgiiUJa+oadvpzK02boeL0BneBdeHerlQ=
      Content-Type:
      - application/xml
      Transfer-Encoding:
      - chunked
      Date:
      - Tue, 11 Jun 2019 21:07:20 GMT
      Server:
      - AmazonS3
    body:
      encoding: UTF-8
      string: |-
        <?xml version="1.0" encoding="UTF-8"?>
        <Error><Code>NoSuchKey</Code><Message>The specified key does not exist.</Message><Key>rex/releases/alpha/rex/release.json</Key><RequestId>4EA115E7F73ED850</RequestId><HostId>1+STpzWl2NtJYWEF/giKaDezq7fstv2Dat+LPSuyh/ZgiiUJa+oadvpzK02boeL0BneBdeHerlQ=</HostId></Error>
    http_version: 
  recorded_at: Tue, 11 Jun 2019 21:07:21 GMT
- request:
    method: get
    uri: https://some_bucket_name.s3.amazonaws.com/?delimiter=/&encoding-type=url&prefix=rex/releases/alpha/
    body:
      encoding: UTF-8
      string: ''
    headers:
      Content-Type:
      - ''
      Accept-Encoding:
      - ''
      User-Agent:
      - aws-sdk-ruby3/3.44.1 ruby/2.5.0 x86_64-darwin16 aws-sdk-s3/1.30.0
      Host:
      - some_bucket_name.s3.amazonaws.com
      X-Amz-Date:
      - 20190611T210721Z
      X-Amz-Content-Sha256:
      - e3b0c44298fc1c149afbf4c8996fb92427ae41e4649b934ca495991b7852b855
      Authorization:
      - AWS4-HMAC-SHA256 Credential=AWS_ACCESS_KEY_ID/20190611/us-east-1/s3/aws4_request,
        SignedHeaders=host;user-agent;x-amz-content-sha256;x-amz-date, Signature=<SignatureValue>
      Content-Length:
      - '0'
      Accept:
      - "*/*"
  response:
    status:
      code: 200
      message: OK
    headers:
      X-Amz-Id-2:
      - ZAZkUcFPU6iYDj/wuzhQlGMegsuVf4wxPS7vtt3Pl9lGipcudu2lBJ/xyz0mimwLf5apI9xnhj4=
      X-Amz-Request-Id:
      - 53200BBD38278770
      Date:
      - Tue, 11 Jun 2019 21:07:23 GMT
      X-Amz-Bucket-Region:
      - us-east-1
      Content-Type:
      - application/xml
      Transfer-Encoding:
      - chunked
      Server:
      - AmazonS3
    body:
      encoding: UTF-8
      string: |-
        <?xml version="1.0" encoding="UTF-8"?>
        <ListBucketResult xmlns="http://s3.amazonaws.com/doc/2006-03-01/"><Name>some_bucket_name</Name><Prefix>rex/releases/alpha/</Prefix><Marker></Marker><MaxKeys>1000</MaxKeys><Delimiter>/</Delimiter><EncodingType>url</EncodingType><IsTruncated>false</IsTruncated><CommonPrefixes><Prefix>rex/releases/alpha/1/</Prefix></CommonPrefixes></ListBucketResult>
    http_version: 
  recorded_at: Tue, 11 Jun 2019 21:07:22 GMT
- request:
    method: get
    uri: https://some_bucket_name.s3.amazonaws.com/rex/releases/alpha/1/rex/release.json
    body:
      encoding: UTF-8
      string: ''
    headers:
      Content-Type:
      - ''
      Accept-Encoding:
      - ''
      User-Agent:
      - aws-sdk-ruby3/3.44.1 ruby/2.5.0 x86_64-darwin16 aws-sdk-s3/1.30.0
      Host:
      - some_bucket_name.s3.amazonaws.com
      X-Amz-Date:
      - 20190611T210722Z
      X-Amz-Content-Sha256:
      - e3b0c44298fc1c149afbf4c8996fb92427ae41e4649b934ca495991b7852b855
      Authorization:
      - AWS4-HMAC-SHA256 Credential=AWS_ACCESS_KEY_ID/20190611/us-east-1/s3/aws4_request,
        SignedHeaders=host;user-agent;x-amz-content-sha256;x-amz-date, Signature=<SignatureValue>
      Content-Length:
      - '0'
      Accept:
      - "*/*"
  response:
    status:
      code: 404
      message: Not Found
    headers:
      X-Amz-Request-Id:
      - 352F894A05FEB417
      X-Amz-Id-2:
      - 63kodkVfrFZxIxDO7KGp77qZ3GtAZcWCBGht3XkGrYrPt5SwvQaS8FI/vh4dk9OpZ/Tg9SI3QyI=
      Content-Type:
      - application/xml
      Transfer-Encoding:
      - chunked
      Date:
      - Tue, 11 Jun 2019 21:07:21 GMT
      Server:
      - AmazonS3
    body:
      encoding: UTF-8
      string: |-
        <?xml version="1.0" encoding="UTF-8"?>
        <Error><Code>NoSuchKey</Code><Message>The specified key does not exist.</Message><Key>rex/releases/alpha/1/rex/release.json</Key><RequestId>352F894A05FEB417</RequestId><HostId>63kodkVfrFZxIxDO7KGp77qZ3GtAZcWCBGht3XkGrYrPt5SwvQaS8FI/vh4dk9OpZ/Tg9SI3QyI=</HostId></Error>
    http_version: 
  recorded_at: Tue, 11 Jun 2019 21:07:22 GMT
- request:
    method: get
    uri: https://some_bucket_name.s3.amazonaws.com/?delimiter=/&encoding-type=url&prefix=rex/releases/alpha/1/
    body:
      encoding: UTF-8
      string: ''
    headers:
      Content-Type:
      - ''
      Accept-Encoding:
      - ''
      User-Agent:
      - aws-sdk-ruby3/3.44.1 ruby/2.5.0 x86_64-darwin16 aws-sdk-s3/1.30.0
      Host:
      - some_bucket_name.s3.amazonaws.com
      X-Amz-Date:
      - 20190611T210722Z
      X-Amz-Content-Sha256:
      - e3b0c44298fc1c149afbf4c8996fb92427ae41e4649b934ca495991b7852b855
      Authorization:
      - AWS4-HMAC-SHA256 Credential=AWS_ACCESS_KEY_ID/20190611/us-east-1/s3/aws4_request,
        SignedHeaders=host;user-agent;x-amz-content-sha256;x-amz-date, Signature=<SignatureValue>
      Content-Length:
      - '0'
      Accept:
      - "*/*"
  response:
    status:
      code: 200
      message: OK
    headers:
      X-Amz-Id-2:
      - v3f8Z1WJvd+cICdLkCn5nYBZU0b1dpIS1FyZ8X5z5Zb+OKHHQwfaV+TaxW+QgecEldsB4q40Was=
      X-Amz-Request-Id:
      - EB9B85E9F14B3C54
      Date:
      - Tue, 11 Jun 2019 21:07:24 GMT
      X-Amz-Bucket-Region:
      - us-east-1
      Content-Type:
      - application/xml
      Transfer-Encoding:
      - chunked
      Server:
      - AmazonS3
    body:
      encoding: UTF-8
      string: |-
        <?xml version="1.0" encoding="UTF-8"?>
        <ListBucketResult xmlns="http://s3.amazonaws.com/doc/2006-03-01/"><Name>some_bucket_name</Name><Prefix>rex/releases/alpha/1/</Prefix><Marker></Marker><MaxKeys>1000</MaxKeys><Delimiter>/</Delimiter><EncodingType>url</EncodingType><IsTruncated>false</IsTruncated><Contents><Key>rex/releases/alpha/1/release.json</Key><LastModified>2019-06-11T21:07:21.000Z</LastModified><ETag>&quot;cbe3860675c2795636d48110d687c3ba&quot;</ETag><Size>19</Size><Owner><ID>6e0b5222eaecc8fba4de9d31646cd4b222bfe0630f7eac42fcb3132bdeb18fbc</ID><DisplayName>aws-dev-sandbox</DisplayName></Owner><StorageClass>STANDARD</StorageClass></Contents></ListBucketResult>
    http_version: 
  recorded_at: Tue, 11 Jun 2019 21:07:23 GMT
- request:
    method: get
    uri: https://some_bucket_name.s3.amazonaws.com/?encoding-type=url&versions
    body:
      encoding: UTF-8
      string: ''
    headers:
      Content-Type:
      - ''
      Accept-Encoding:
      - ''
      User-Agent:
      - aws-sdk-ruby3/3.44.1 ruby/2.5.0 x86_64-darwin16 aws-sdk-s3/1.30.0
      Host:
      - some_bucket_name.s3.amazonaws.com
      X-Amz-Date:
      - 20190611T210723Z
      X-Amz-Content-Sha256:
      - e3b0c44298fc1c149afbf4c8996fb92427ae41e4649b934ca495991b7852b855
      Authorization:
      - AWS4-HMAC-SHA256 Credential=AWS_ACCESS_KEY_ID/20190611/us-east-1/s3/aws4_request,
        SignedHeaders=host;user-agent;x-amz-content-sha256;x-amz-date, Signature=<SignatureValue>
      Content-Length:
      - '0'
      Accept:
      - "*/*"
  response:
    status:
      code: 200
      message: OK
    headers:
      X-Amz-Id-2:
      - X/mBWBHjYY0NwTmgmMTY9UIRf9h0QkoSXjH+r/u5e9355rOL/kTV0pv0gXcYwhtU+Dvs+hzCF58=
      X-Amz-Request-Id:
      - FC2B879FD6B1008A
      Date:
      - Tue, 11 Jun 2019 21:07:24 GMT
      Content-Type:
      - application/xml
      Transfer-Encoding:
      - chunked
      Server:
      - AmazonS3
    body:
      encoding: UTF-8
      string: |-
        <?xml version="1.0" encoding="UTF-8"?>
        <ListVersionsResult xmlns="http://s3.amazonaws.com/doc/2006-03-01/"><Name>some_bucket_name</Name><Prefix></Prefix><KeyMarker></KeyMarker><VersionIdMarker></VersionIdMarker><MaxKeys>1000</MaxKeys><EncodingType>url</EncodingType><IsTruncated>false</IsTruncated><Version><Key>rex/releases/alpha/1/release.json</Key><VersionId>null</VersionId><IsLatest>true</IsLatest><LastModified>2019-06-11T21:07:21.000Z</LastModified><ETag>&quot;cbe3860675c2795636d48110d687c3ba&quot;</ETag><Size>19</Size><Owner><ID>6e0b5222eaecc8fba4de9d31646cd4b222bfe0630f7eac42fcb3132bdeb18fbc</ID><DisplayName>aws-dev-sandbox</DisplayName></Owner><StorageClass>STANDARD</StorageClass></Version></ListVersionsResult>
    http_version: 
  recorded_at: Tue, 11 Jun 2019 21:07:23 GMT
- request:
    method: post
    uri: https://some_bucket_name.s3.amazonaws.com/?delete
    body:
      encoding: UTF-8
      string: |
        <Delete xmlns="http://s3.amazonaws.com/doc/2006-03-01/">
          <Object>
            <Key>rex/releases/alpha/1/release.json</Key>
            <VersionId>null</VersionId>
          </Object>
        </Delete>
    headers:
      Content-Type:
      - ''
      Accept-Encoding:
      - ''
      User-Agent:
      - aws-sdk-ruby3/3.44.1 ruby/2.5.0 x86_64-darwin16 aws-sdk-s3/1.30.0
      Expect:
      - 100-continue
      Content-Md5:
      - jiOmAuzf/G41q4D/dMFt+A==
      Host:
      - some_bucket_name.s3.amazonaws.com
      X-Amz-Date:
      - 20190611T210723Z
      X-Amz-Content-Sha256:
      - '036968ad49da6b644238453be806fd53c726321f1d30e9e9e3d49dea39c114e2'
      Authorization:
      - AWS4-HMAC-SHA256 Credential=AWS_ACCESS_KEY_ID/20190611/us-east-1/s3/aws4_request,
        SignedHeaders=content-md5;expect;host;user-agent;x-amz-content-sha256;x-amz-date,
        Signature=<SignatureValue>
      Content-Length:
      - '171'
      Accept:
      - "*/*"
  response:
    status:
      code: 200
      message: OK
    headers:
      X-Amz-Id-2:
      - ZvR8zh8z9ef14VQ+IylX362kPZ+l+XnsFO9zL92PVUZVUYvWQEI2Y2eeAm/64dVVOk5DMi+n+Ss=
      X-Amz-Request-Id:
      - AEEB6C06DD3AD374
      Date:
      - Tue, 11 Jun 2019 21:07:25 GMT
      Connection:
      - close
      Content-Type:
      - application/xml
      Transfer-Encoding:
      - chunked
      Server:
      - AmazonS3
    body:
      encoding: UTF-8
      string: |-
        <?xml version="1.0" encoding="UTF-8"?>
        <DeleteResult xmlns="http://s3.amazonaws.com/doc/2006-03-01/"><Deleted><Key>rex/releases/alpha/1/release.json</Key><VersionId>null</VersionId></Deleted></DeleteResult>
    http_version: 
  recorded_at: Tue, 11 Jun 2019 21:07:24 GMT
- request:
    method: delete
    uri: https://some_bucket_name.s3.amazonaws.com/
    body:
      encoding: UTF-8
      string: ''
    headers:
      Content-Type:
      - ''
      Accept-Encoding:
      - ''
      User-Agent:
      - aws-sdk-ruby3/3.44.1 ruby/2.5.0 x86_64-darwin16 aws-sdk-s3/1.30.0
      Host:
      - some_bucket_name.s3.amazonaws.com
      X-Amz-Date:
      - 20190611T210724Z
      X-Amz-Content-Sha256:
      - e3b0c44298fc1c149afbf4c8996fb92427ae41e4649b934ca495991b7852b855
      Authorization:
      - AWS4-HMAC-SHA256 Credential=AWS_ACCESS_KEY_ID/20190611/us-east-1/s3/aws4_request,
        SignedHeaders=host;user-agent;x-amz-content-sha256;x-amz-date, Signature=<SignatureValue>
      Content-Length:
      - '0'
      Accept:
      - "*/*"
  response:
    status:
      code: 204
      message: No Content
    headers:
      X-Amz-Id-2:
      - kuXu1ORNL07F1divpDkMB4y01jhWFbfbuoi//JIJZcO1NBRMBUOlYktwQ9FtX6JqqsdCzp4IaPI=
      X-Amz-Request-Id:
      - C00A744DF0F6323D
      Date:
      - Tue, 11 Jun 2019 21:07:26 GMT
      Server:
      - AmazonS3
    body:
      encoding: UTF-8
      string: ''
    http_version: 
  recorded_at: Tue, 11 Jun 2019 21:07:25 GMT
recorded_with: VCR 4.0.0
