---
http_interactions:
- request:
    method: put
    uri: https://some_bucket_name.s3.amazonaws.com/rex/releases/foobar/release.json
    body:
      encoding: UTF-8
      string: '{"books":{"uid1":{"defaultVersion":"1.2"},"uid2":{"defaultVersion":"1.1"}}}'
    headers:
      Content-Type:
      - ''
      Accept-Encoding:
      - ''
      User-Agent:
      - aws-sdk-ruby3/3.44.1 ruby/2.5.0 x86_64-darwin16 aws-sdk-s3/1.30.0
      Expect:
      - 100-continue
      Content-Md5:
      - SV0iHQHQlJla2U1fH9/WPA==
      Host:
      - some_bucket_name.s3.amazonaws.com
      X-Amz-Date:
      - 20190611T210257Z
      X-Amz-Content-Sha256:
      - 26789e894fe9e1a2350bab23a6605e0225d7adf54e01a875eac8143b0b160ec7
      Authorization:
      - AWS4-HMAC-SHA256 Credential=AWS_ACCESS_KEY_ID/20190611/us-east-1/s3/aws4_request,
        SignedHeaders=content-md5;expect;host;user-agent;x-amz-content-sha256;x-amz-date,
        Signature=<SignatureValue>
      Content-Length:
      - '75'
      Accept:
      - "*/*"
  response:
    status:
      code: 200
      message: OK
    headers:
      X-Amz-Id-2:
      - jo9J3fp8hzvIdGDNpoIzMrR/tNR2qTYaDrb+Vk0gTb6IObmLYwG2ZqLSjZSHIeEwuFTyqEBjB9w=
      X-Amz-Request-Id:
      - 635791F7B8125A65
      Date:
      - Tue, 11 Jun 2019 21:02:59 GMT
      Etag:
      - '"495d221d01d094995ad94d5f1fdfd63c"'
      Content-Length:
      - '0'
      Server:
      - AmazonS3
    body:
      encoding: UTF-8
      string: ''
    http_version: 
  recorded_at: Tue, 11 Jun 2019 21:02:58 GMT
- request:
    method: get
    uri: https://some_bucket_name.s3.amazonaws.com/?delimiter=/&encoding-type=url&prefix=rex/releases/foobar/
    body:
      encoding: UTF-8
      string: ''
    headers:
      Content-Type:
      - ''
      Accept-Encoding:
      - ''
      User-Agent:
      - aws-sdk-ruby3/3.44.1 ruby/2.5.0 x86_64-darwin16 aws-sdk-s3/1.30.0
      Host:
      - some_bucket_name.s3.amazonaws.com
      X-Amz-Date:
      - 20190611T210259Z
      X-Amz-Content-Sha256:
      - e3b0c44298fc1c149afbf4c8996fb92427ae41e4649b934ca495991b7852b855
      Authorization:
      - AWS4-HMAC-SHA256 Credential=AWS_ACCESS_KEY_ID/20190611/us-east-1/s3/aws4_request,
        SignedHeaders=host;user-agent;x-amz-content-sha256;x-amz-date, Signature=<SignatureValue>
      Content-Length:
      - '0'
      Accept:
      - "*/*"
  response:
    status:
      code: 200
      message: OK
    headers:
      X-Amz-Id-2:
      - oh1ptYyk9YX5YqcOQ4XqAHG7/hUsYcfH8ot/fMQ4OxTltOGE3az/8ur9nSpFy494lE8QiRBZjPw=
      X-Amz-Request-Id:
      - 99D7014B6AC3A54E
      Date:
      - Tue, 11 Jun 2019 21:03:00 GMT
      X-Amz-Bucket-Region:
      - us-east-1
      Content-Type:
      - application/xml
      Transfer-Encoding:
      - chunked
      Server:
      - AmazonS3
    body:
      encoding: UTF-8
      string: |-
        <?xml version="1.0" encoding="UTF-8"?>
        <ListBucketResult xmlns="http://s3.amazonaws.com/doc/2006-03-01/"><Name>some_bucket_name</Name><Prefix>rex/releases/foobar/</Prefix><Marker></Marker><MaxKeys>1000</MaxKeys><Delimiter>/</Delimiter><EncodingType>url</EncodingType><IsTruncated>false</IsTruncated><Contents><Key>rex/releases/foobar/release.json</Key><LastModified>2019-06-11T21:02:59.000Z</LastModified><ETag>&quot;495d221d01d094995ad94d5f1fdfd63c&quot;</ETag><Size>75</Size><Owner><ID>6e0b5222eaecc8fba4de9d31646cd4b222bfe0630f7eac42fcb3132bdeb18fbc</ID><DisplayName>aws-dev-sandbox</DisplayName></Owner><StorageClass>STANDARD</StorageClass></Contents></ListBucketResult>
    http_version: 
  recorded_at: Tue, 11 Jun 2019 21:03:00 GMT
- request:
    method: put
    uri: https://some_bucket_name.s3.amazonaws.com/
    body:
      encoding: UTF-8
      string: ''
    headers:
      Content-Type:
      - ''
      Accept-Encoding:
      - ''
      User-Agent:
      - aws-sdk-ruby3/3.44.1 ruby/2.5.0 x86_64-darwin16 aws-sdk-s3/1.30.0
      Host:
      - some_bucket_name.s3.amazonaws.com
      X-Amz-Date:
      - 20190611T211635Z
      X-Amz-Content-Sha256:
      - e3b0c44298fc1c149afbf4c8996fb92427ae41e4649b934ca495991b7852b855
      Authorization:
      - AWS4-HMAC-SHA256 Credential=AWS_ACCESS_KEY_ID/20190611/us-east-1/s3/aws4_request,
        SignedHeaders=host;user-agent;x-amz-content-sha256;x-amz-date, Signature=<SignatureValue>
      Content-Length:
      - '0'
      Accept:
      - "*/*"
  response:
    status:
      code: 200
      message: OK
    headers:
      X-Amz-Id-2:
      - wpKoe+LFLhSxQJCYTWdrt3uneP8FOxNBlZhADAgk/8wrlJimVOEKtDAFSmU9ilMyi6n7NP7wK10=
      X-Amz-Request-Id:
      - 3AC0CF605B338376
      Date:
      - Tue, 11 Jun 2019 21:16:36 GMT
      Location:
      - "/some_bucket_name"
      Content-Length:
      - '0'
      Server:
      - AmazonS3
    body:
      encoding: UTF-8
      string: ''
    http_version: 
  recorded_at: Tue, 11 Jun 2019 21:16:36 GMT
- request:
    method: put
    uri: https://some_bucket_name.s3.amazonaws.com/rex/releases/foobar/rex/release.json
    body:
      encoding: UTF-8
      string: '{"books":{"uid1":{"defaultVersion":"1.2"},"uid2":{"defaultVersion":"1.1"}}}'
    headers:
      Content-Type:
      - ''
      Accept-Encoding:
      - ''
      User-Agent:
      - aws-sdk-ruby3/3.44.1 ruby/2.5.0 x86_64-darwin16 aws-sdk-s3/1.30.0
      Expect:
      - 100-continue
      Content-Md5:
      - SV0iHQHQlJla2U1fH9/WPA==
      Host:
      - some_bucket_name.s3.amazonaws.com
      X-Amz-Date:
      - 20190611T211636Z
      X-Amz-Content-Sha256:
      - 26789e894fe9e1a2350bab23a6605e0225d7adf54e01a875eac8143b0b160ec7
      Authorization:
      - AWS4-HMAC-SHA256 Credential=AWS_ACCESS_KEY_ID/20190611/us-east-1/s3/aws4_request,
        SignedHeaders=content-md5;expect;host;user-agent;x-amz-content-sha256;x-amz-date,
        Signature=<SignatureValue>
      Content-Length:
      - '75'
      Accept:
      - "*/*"
  response:
    status:
      code: 200
      message: OK
    headers:
      X-Amz-Id-2:
      - kdp5NJPFJy/yA6UrUBiDT7ikJaD3Pph9VJ9o37tlfvOEACnFyHZWyqTyfEcMrA4RrOrqKFm2p4M=
      X-Amz-Request-Id:
      - BB477031C381279D
      Date:
      - Tue, 11 Jun 2019 21:16:37 GMT
      Etag:
      - '"495d221d01d094995ad94d5f1fdfd63c"'
      Content-Length:
      - '0'
      Server:
      - AmazonS3
    body:
      encoding: UTF-8
      string: ''
    http_version: 
  recorded_at: Tue, 11 Jun 2019 21:16:36 GMT
- request:
    method: get
    uri: https://some_bucket_name.s3.amazonaws.com/?delimiter=/&encoding-type=url&prefix=rex/releases/
    body:
      encoding: UTF-8
      string: ''
    headers:
      Content-Type:
      - ''
      Accept-Encoding:
      - ''
      User-Agent:
      - aws-sdk-ruby3/3.44.1 ruby/2.5.0 x86_64-darwin16 aws-sdk-s3/1.30.0
      Host:
      - some_bucket_name.s3.amazonaws.com
      X-Amz-Date:
      - 20190611T211636Z
      X-Amz-Content-Sha256:
      - e3b0c44298fc1c149afbf4c8996fb92427ae41e4649b934ca495991b7852b855
      Authorization:
      - AWS4-HMAC-SHA256 Credential=AWS_ACCESS_KEY_ID/20190611/us-east-1/s3/aws4_request,
        SignedHeaders=host;user-agent;x-amz-content-sha256;x-amz-date, Signature=<SignatureValue>
      Content-Length:
      - '0'
      Accept:
      - "*/*"
  response:
    status:
      code: 200
      message: OK
    headers:
      X-Amz-Id-2:
      - rSQBNqUEXHhZU9SII/yluQC8nBFt0RktMSvaOtQl1wlEFwJi2/iO8+S9qJenwGM1AJKbt1Zyy3k=
      X-Amz-Request-Id:
      - 2DD518A0C162391B
      Date:
      - Tue, 11 Jun 2019 21:16:38 GMT
      X-Amz-Bucket-Region:
      - us-east-1
      Content-Type:
      - application/xml
      Transfer-Encoding:
      - chunked
      Server:
      - AmazonS3
    body:
      encoding: UTF-8
      string: |-
        <?xml version="1.0" encoding="UTF-8"?>
        <ListBucketResult xmlns="http://s3.amazonaws.com/doc/2006-03-01/"><Name>some_bucket_name</Name><Prefix>rex/releases/</Prefix><Marker></Marker><MaxKeys>1000</MaxKeys><Delimiter>/</Delimiter><EncodingType>url</EncodingType><IsTruncated>false</IsTruncated><CommonPrefixes><Prefix>rex/releases/foobar/</Prefix></CommonPrefixes></ListBucketResult>
    http_version: 
  recorded_at: Tue, 11 Jun 2019 21:16:37 GMT
- request:
    method: get
    uri: https://some_bucket_name.s3.amazonaws.com/rex/releases/foobar/rex/release.json
    body:
      encoding: UTF-8
      string: ''
    headers:
      Content-Type:
      - ''
      Accept-Encoding:
      - ''
      User-Agent:
      - aws-sdk-ruby3/3.44.1 ruby/2.5.0 x86_64-darwin16 aws-sdk-s3/1.30.0
      Host:
      - some_bucket_name.s3.amazonaws.com
      X-Amz-Date:
      - 20190611T211637Z
      X-Amz-Content-Sha256:
      - e3b0c44298fc1c149afbf4c8996fb92427ae41e4649b934ca495991b7852b855
      Authorization:
      - AWS4-HMAC-SHA256 Credential=AWS_ACCESS_KEY_ID/20190611/us-east-1/s3/aws4_request,
        SignedHeaders=host;user-agent;x-amz-content-sha256;x-amz-date, Signature=<SignatureValue>
      Content-Length:
      - '0'
      Accept:
      - "*/*"
  response:
    status:
      code: 200
      message: OK
    headers:
      X-Amz-Id-2:
      - n4UBhtyZkoGW0iVUYwCJ8vwx6xUH0BL/sG+s5EGntpycYyfs+IS+lrCW4Lese5FgOalXOt0mLEs=
      X-Amz-Request-Id:
      - 34D66CB326FBF02B
      Date:
      - Tue, 11 Jun 2019 21:16:38 GMT
      Last-Modified:
      - Tue, 11 Jun 2019 21:16:37 GMT
      Etag:
      - '"495d221d01d094995ad94d5f1fdfd63c"'
      Accept-Ranges:
      - bytes
      Content-Type:
      - ''
      Content-Length:
      - '75'
      Server:
      - AmazonS3
    body:
      encoding: UTF-8
      string: '{"books":{"uid1":{"defaultVersion":"1.2"},"uid2":{"defaultVersion":"1.1"}}}'
    http_version: 
  recorded_at: Tue, 11 Jun 2019 21:16:37 GMT
- request:
    method: get
    uri: https://some_bucket_name.s3.amazonaws.com/?encoding-type=url&versions
    body:
      encoding: UTF-8
      string: ''
    headers:
      Content-Type:
      - ''
      Accept-Encoding:
      - ''
      User-Agent:
      - aws-sdk-ruby3/3.44.1 ruby/2.5.0 x86_64-darwin16 aws-sdk-s3/1.30.0
      Host:
      - some_bucket_name.s3.amazonaws.com
      X-Amz-Date:
      - 20190611T211637Z
      X-Amz-Content-Sha256:
      - e3b0c44298fc1c149afbf4c8996fb92427ae41e4649b934ca495991b7852b855
      Authorization:
      - AWS4-HMAC-SHA256 Credential=AWS_ACCESS_KEY_ID/20190611/us-east-1/s3/aws4_request,
        SignedHeaders=host;user-agent;x-amz-content-sha256;x-amz-date, Signature=<SignatureValue>
      Content-Length:
      - '0'
      Accept:
      - "*/*"
  response:
    status:
      code: 200
      message: OK
    headers:
      X-Amz-Id-2:
      - h28IcpUHhotXByHbPY4IzEW/PTncmh/QztTGrFYt5z278zklPHHsUUEm8uI27jkrqlA9it4vu2k=
      X-Amz-Request-Id:
      - CFBF9C910937454F
      Date:
      - Tue, 11 Jun 2019 21:16:39 GMT
      Content-Type:
      - application/xml
      Transfer-Encoding:
      - chunked
      Server:
      - AmazonS3
    body:
      encoding: UTF-8
      string: |-
        <?xml version="1.0" encoding="UTF-8"?>
        <ListVersionsResult xmlns="http://s3.amazonaws.com/doc/2006-03-01/"><Name>some_bucket_name</Name><Prefix></Prefix><KeyMarker></KeyMarker><VersionIdMarker></VersionIdMarker><MaxKeys>1000</MaxKeys><EncodingType>url</EncodingType><IsTruncated>false</IsTruncated><Version><Key>rex/releases/foobar/rex/release.json</Key><VersionId>null</VersionId><IsLatest>true</IsLatest><LastModified>2019-06-11T21:16:37.000Z</LastModified><ETag>&quot;495d221d01d094995ad94d5f1fdfd63c&quot;</ETag><Size>75</Size><Owner><ID>6e0b5222eaecc8fba4de9d31646cd4b222bfe0630f7eac42fcb3132bdeb18fbc</ID><DisplayName>aws-dev-sandbox</DisplayName></Owner><StorageClass>STANDARD</StorageClass></Version></ListVersionsResult>
    http_version: 
  recorded_at: Tue, 11 Jun 2019 21:16:38 GMT
- request:
    method: post
    uri: https://some_bucket_name.s3.amazonaws.com/?delete
    body:
      encoding: UTF-8
      string: |
        <Delete xmlns="http://s3.amazonaws.com/doc/2006-03-01/">
          <Object>
            <Key>rex/releases/foobar/rex/release.json</Key>
            <VersionId>null</VersionId>
          </Object>
        </Delete>
    headers:
      Content-Type:
      - ''
      Accept-Encoding:
      - ''
      User-Agent:
      - aws-sdk-ruby3/3.44.1 ruby/2.5.0 x86_64-darwin16 aws-sdk-s3/1.30.0
      Expect:
      - 100-continue
      Content-Md5:
      - L7l/wH3WBXup2wyqQAmnAA==
      Host:
      - some_bucket_name.s3.amazonaws.com
      X-Amz-Date:
      - 20190611T211638Z
      X-Amz-Content-Sha256:
      - 7037686eda34faea4ee0afa566410d6a5c262e3244f885773f69609f93789d8f
      Authorization:
      - AWS4-HMAC-SHA256 Credential=AWS_ACCESS_KEY_ID/20190611/us-east-1/s3/aws4_request,
        SignedHeaders=content-md5;expect;host;user-agent;x-amz-content-sha256;x-amz-date,
        Signature=<SignatureValue>
      Content-Length:
      - '174'
      Accept:
      - "*/*"
  response:
    status:
      code: 200
      message: OK
    headers:
      X-Amz-Id-2:
      - HkY4H4BXpRjP0ZFERBWG6O7etSCMC6ktvzu8Vv4Udw7crmwqn+NEbzvLf3iUCSk5r5IZZMrY+dM=
      X-Amz-Request-Id:
      - FAB4FBF013D11395
      Date:
      - Tue, 11 Jun 2019 21:16:39 GMT
      Transfer-Encoding:
      - chunked
      Server:
      - AmazonS3
    body:
      encoding: UTF-8
      string: |-
        <?xml version="1.0" encoding="UTF-8"?>
        <DeleteResult xmlns="http://s3.amazonaws.com/doc/2006-03-01/"><Deleted><Key>rex/releases/foobar/rex/release.json</Key><VersionId>null</VersionId></Deleted></DeleteResult>
    http_version: 
  recorded_at: Tue, 11 Jun 2019 21:16:38 GMT
- request:
    method: delete
    uri: https://some_bucket_name.s3.amazonaws.com/
    body:
      encoding: UTF-8
      string: ''
    headers:
      Content-Type:
      - ''
      Accept-Encoding:
      - ''
      User-Agent:
      - aws-sdk-ruby3/3.44.1 ruby/2.5.0 x86_64-darwin16 aws-sdk-s3/1.30.0
      Host:
      - some_bucket_name.s3.amazonaws.com
      X-Amz-Date:
      - 20190611T211638Z
      X-Amz-Content-Sha256:
      - e3b0c44298fc1c149afbf4c8996fb92427ae41e4649b934ca495991b7852b855
      Authorization:
      - AWS4-HMAC-SHA256 Credential=AWS_ACCESS_KEY_ID/20190611/us-east-1/s3/aws4_request,
        SignedHeaders=host;user-agent;x-amz-content-sha256;x-amz-date, Signature=<SignatureValue>
      Content-Length:
      - '0'
      Accept:
      - "*/*"
  response:
    status:
      code: 204
      message: No Content
    headers:
      X-Amz-Id-2:
      - XSxuz0WJUtqLK5xkP6JUHr8ZzX0oLPJt0UN3mnVE9EFFVKdHPDQV2CAWsP27gIj+CJf6cCxXk3g=
      X-Amz-Request-Id:
      - BCDF5F910B5F5CEA
      Date:
      - Tue, 11 Jun 2019 21:16:40 GMT
      Server:
      - AmazonS3
    body:
      encoding: UTF-8
      string: ''
    http_version: 
  recorded_at: Tue, 11 Jun 2019 21:16:39 GMT
recorded_with: VCR 4.0.0
