---
http_interactions:
- request:
    method: put
    uri: https://some_bucket_name.s3.amazonaws.com/
    body:
      encoding: UTF-8
      string: ''
    headers:
      Content-Type:
      - ''
      Accept-Encoding:
      - ''
      User-Agent:
      - aws-sdk-ruby3/3.44.1 ruby/2.5.0 x86_64-darwin16 aws-sdk-s3/1.30.0
      Host:
      - some_bucket_name.s3.amazonaws.com
      X-Amz-Date:
      - 20190612T191914Z
      X-Amz-Content-Sha256:
      - e3b0c44298fc1c149afbf4c8996fb92427ae41e4649b934ca495991b7852b855
      Authorization:
      - AWS4-HMAC-SHA256 Credential=AWS_ACCESS_KEY_ID/20190612/us-east-1/s3/aws4_request,
        SignedHeaders=host;user-agent;x-amz-content-sha256;x-amz-date, Signature=<SignatureValue>
      Content-Length:
      - '0'
      Accept:
      - "*/*"
  response:
    status:
      code: 200
      message: OK
    headers:
      X-Amz-Id-2:
      - ZrGnnu3ZLgWe9rdtVvqOatgUxMLvcssXENGOoF7osT0sKaDEwFysHP5nFVEjjXtW/PEdiBe4M3c=
      X-Amz-Request-Id:
      - 302523B79D20FB74
      Date:
      - Wed, 12 Jun 2019 19:19:18 GMT
      Location:
      - "/some_bucket_name"
      Content-Length:
      - '0'
      Server:
      - AmazonS3
    body:
      encoding: UTF-8
      string: ''
    http_version: 
  recorded_at: Wed, 12 Jun 2019 19:19:17 GMT
- request:
    method: put
    uri: https://some_bucket_name.s3.amazonaws.com/rex/releases/foobar/rex/release.json
    body:
      encoding: UTF-8
      string: '{"books":{"uid1":{"defaultVersion":"1.2"},"uid2":{"defaultVersion":"1.1"}}}'
    headers:
      Content-Type:
      - ''
      Accept-Encoding:
      - ''
      User-Agent:
      - aws-sdk-ruby3/3.44.1 ruby/2.5.0 x86_64-darwin16 aws-sdk-s3/1.30.0
      Expect:
      - 100-continue
      Content-Md5:
      - SV0iHQHQlJla2U1fH9/WPA==
      Host:
      - some_bucket_name.s3.amazonaws.com
      X-Amz-Date:
      - 20190612T191917Z
      X-Amz-Content-Sha256:
      - 26789e894fe9e1a2350bab23a6605e0225d7adf54e01a875eac8143b0b160ec7
      Authorization:
      - AWS4-HMAC-SHA256 Credential=AWS_ACCESS_KEY_ID/20190612/us-east-1/s3/aws4_request,
        SignedHeaders=content-md5;expect;host;user-agent;x-amz-content-sha256;x-amz-date,
        Signature=<SignatureValue>
      Content-Length:
      - '75'
      Accept:
      - "*/*"
  response:
    status:
      code: 200
      message: OK
    headers:
      X-Amz-Id-2:
      - "/ZTomAk8zXOFWgH9/MAt1YZdUQuHY4zBvdjYTYh94WLKDzUSLLS53VgQZvfa6dSnomefk3BqMI8="
      X-Amz-Request-Id:
      - F845A178CCBB0584
      Date:
      - Wed, 12 Jun 2019 19:19:18 GMT
      Etag:
      - '"495d221d01d094995ad94d5f1fdfd63c"'
      Content-Length:
      - '0'
      Server:
      - AmazonS3
    body:
      encoding: UTF-8
      string: ''
    http_version: 
  recorded_at: Wed, 12 Jun 2019 19:19:18 GMT
- request:
    method: get
    uri: https://some_bucket_name.s3.amazonaws.com/?delimiter=/&encoding-type=url&prefix=rex/releases/
    body:
      encoding: UTF-8
      string: ''
    headers:
      Content-Type:
      - ''
      Accept-Encoding:
      - ''
      User-Agent:
      - aws-sdk-ruby3/3.44.1 ruby/2.5.0 x86_64-darwin16 aws-sdk-s3/1.30.0
      Host:
      - some_bucket_name.s3.amazonaws.com
      X-Amz-Date:
      - 20190612T191918Z
      X-Amz-Content-Sha256:
      - e3b0c44298fc1c149afbf4c8996fb92427ae41e4649b934ca495991b7852b855
      Authorization:
      - AWS4-HMAC-SHA256 Credential=AWS_ACCESS_KEY_ID/20190612/us-east-1/s3/aws4_request,
        SignedHeaders=host;user-agent;x-amz-content-sha256;x-amz-date, Signature=<SignatureValue>
      Content-Length:
      - '0'
      Accept:
      - "*/*"
  response:
    status:
      code: 200
      message: OK
    headers:
      X-Amz-Id-2:
      - dgIjLu+g7E4AhVgVM53McaWYuwNl4C1jC2M6oMamsfKBCpTUiWOMLJj+YbIO6RiOBlhVo0Mws0w=
      X-Amz-Request-Id:
      - 6E938CC53EE33C27
      Date:
      - Wed, 12 Jun 2019 19:19:19 GMT
      X-Amz-Bucket-Region:
      - us-east-1
      Content-Type:
      - application/xml
      Transfer-Encoding:
      - chunked
      Server:
      - AmazonS3
    body:
      encoding: UTF-8
      string: |-
        <?xml version="1.0" encoding="UTF-8"?>
        <ListBucketResult xmlns="http://s3.amazonaws.com/doc/2006-03-01/"><Name>some_bucket_name</Name><Prefix>rex/releases/</Prefix><Marker></Marker><MaxKeys>1000</MaxKeys><Delimiter>/</Delimiter><EncodingType>url</EncodingType><IsTruncated>false</IsTruncated><CommonPrefixes><Prefix>rex/releases/foobar/</Prefix></CommonPrefixes></ListBucketResult>
    http_version: 
  recorded_at: Wed, 12 Jun 2019 19:19:18 GMT
- request:
    method: get
    uri: https://some_bucket_name.s3.amazonaws.com/rex/releases/foobar/rex/release.json
    body:
      encoding: UTF-8
      string: ''
    headers:
      Content-Type:
      - ''
      Accept-Encoding:
      - ''
      User-Agent:
      - aws-sdk-ruby3/3.44.1 ruby/2.5.0 x86_64-darwin16 aws-sdk-s3/1.30.0
      Host:
      - some_bucket_name.s3.amazonaws.com
      X-Amz-Date:
      - 20190612T191918Z
      X-Amz-Content-Sha256:
      - e3b0c44298fc1c149afbf4c8996fb92427ae41e4649b934ca495991b7852b855
      Authorization:
      - AWS4-HMAC-SHA256 Credential=AWS_ACCESS_KEY_ID/20190612/us-east-1/s3/aws4_request,
        SignedHeaders=host;user-agent;x-amz-content-sha256;x-amz-date, Signature=<SignatureValue>
      Content-Length:
      - '0'
      Accept:
      - "*/*"
  response:
    status:
      code: 200
      message: OK
    headers:
      X-Amz-Id-2:
      - cGotYt/dhZjKCC5TjQHk3lWQdV0X2QyUQRE+539JF8MStrucClW6k6ixzTMCcs21uOhej7Fi8WE=
      X-Amz-Request-Id:
      - 85D2B4EF01238DB4
      Date:
      - Wed, 12 Jun 2019 19:19:20 GMT
      Last-Modified:
      - Wed, 12 Jun 2019 19:19:18 GMT
      Etag:
      - '"495d221d01d094995ad94d5f1fdfd63c"'
      Accept-Ranges:
      - bytes
      Content-Type:
      - ''
      Content-Length:
      - '75'
      Server:
      - AmazonS3
    body:
      encoding: UTF-8
      string: '{"books":{"uid1":{"defaultVersion":"1.2"},"uid2":{"defaultVersion":"1.1"}}}'
    http_version: 
  recorded_at: Wed, 12 Jun 2019 19:19:19 GMT
- request:
    method: get
    uri: https://some_bucket_name.s3.amazonaws.com/?encoding-type=url&versions
    body:
      encoding: UTF-8
      string: ''
    headers:
      Content-Type:
      - ''
      Accept-Encoding:
      - ''
      User-Agent:
      - aws-sdk-ruby3/3.44.1 ruby/2.5.0 x86_64-darwin16 aws-sdk-s3/1.30.0
      Host:
      - some_bucket_name.s3.amazonaws.com
      X-Amz-Date:
      - 20190612T191919Z
      X-Amz-Content-Sha256:
      - e3b0c44298fc1c149afbf4c8996fb92427ae41e4649b934ca495991b7852b855
      Authorization:
      - AWS4-HMAC-SHA256 Credential=AWS_ACCESS_KEY_ID/20190612/us-east-1/s3/aws4_request,
        SignedHeaders=host;user-agent;x-amz-content-sha256;x-amz-date, Signature=<SignatureValue>
      Content-Length:
      - '0'
      Accept:
      - "*/*"
  response:
    status:
      code: 200
      message: OK
    headers:
      X-Amz-Id-2:
      - 87uTcO6LjvWK2P39qtiO4JKho19VXoLWRb31Vt7ISVgzCZfwJABCRigMfsDuipWElLbNyEK16tg=
      X-Amz-Request-Id:
      - D50F990252126985
      Date:
      - Wed, 12 Jun 2019 19:19:20 GMT
      Content-Type:
      - application/xml
      Transfer-Encoding:
      - chunked
      Server:
      - AmazonS3
    body:
      encoding: UTF-8
      string: |-
        <?xml version="1.0" encoding="UTF-8"?>
        <ListVersionsResult xmlns="http://s3.amazonaws.com/doc/2006-03-01/"><Name>some_bucket_name</Name><Prefix></Prefix><KeyMarker></KeyMarker><VersionIdMarker></VersionIdMarker><MaxKeys>1000</MaxKeys><EncodingType>url</EncodingType><IsTruncated>false</IsTruncated><Version><Key>rex/releases/foobar/rex/release.json</Key><VersionId>null</VersionId><IsLatest>true</IsLatest><LastModified>2019-06-12T19:19:18.000Z</LastModified><ETag>&quot;495d221d01d094995ad94d5f1fdfd63c&quot;</ETag><Size>75</Size><Owner><ID>6e0b5222eaecc8fba4de9d31646cd4b222bfe0630f7eac42fcb3132bdeb18fbc</ID><DisplayName>aws-dev-sandbox</DisplayName></Owner><StorageClass>STANDARD</StorageClass></Version></ListVersionsResult>
    http_version: 
  recorded_at: Wed, 12 Jun 2019 19:19:19 GMT
- request:
    method: post
    uri: https://some_bucket_name.s3.amazonaws.com/?delete
    body:
      encoding: UTF-8
      string: |
        <Delete xmlns="http://s3.amazonaws.com/doc/2006-03-01/">
          <Object>
            <Key>rex/releases/foobar/rex/release.json</Key>
            <VersionId>null</VersionId>
          </Object>
        </Delete>
    headers:
      Content-Type:
      - ''
      Accept-Encoding:
      - ''
      User-Agent:
      - aws-sdk-ruby3/3.44.1 ruby/2.5.0 x86_64-darwin16 aws-sdk-s3/1.30.0
      Expect:
      - 100-continue
      Content-Md5:
      - L7l/wH3WBXup2wyqQAmnAA==
      Host:
      - some_bucket_name.s3.amazonaws.com
      X-Amz-Date:
      - 20190612T191919Z
      X-Amz-Content-Sha256:
      - 7037686eda34faea4ee0afa566410d6a5c262e3244f885773f69609f93789d8f
      Authorization:
      - AWS4-HMAC-SHA256 Credential=AWS_ACCESS_KEY_ID/20190612/us-east-1/s3/aws4_request,
        SignedHeaders=content-md5;expect;host;user-agent;x-amz-content-sha256;x-amz-date,
        Signature=<SignatureValue>
      Content-Length:
      - '174'
      Accept:
      - "*/*"
  response:
    status:
      code: 200
      message: OK
    headers:
      X-Amz-Id-2:
      - YdmPDmEwXBWqswwbqit6vwUFpyzTT4BpznV4ayOFekhFUFoFhxdjRcfHziSzMZij0ZRotVp5xWQ=
      X-Amz-Request-Id:
      - D8E1AD4A91E6379E
      Date:
      - Wed, 12 Jun 2019 19:19:21 GMT
      Connection:
      - close
      Content-Type:
      - application/xml
      Transfer-Encoding:
      - chunked
      Server:
      - AmazonS3
    body:
      encoding: UTF-8
      string: |-
        <?xml version="1.0" encoding="UTF-8"?>
        <DeleteResult xmlns="http://s3.amazonaws.com/doc/2006-03-01/"><Deleted><Key>rex/releases/foobar/rex/release.json</Key><VersionId>null</VersionId></Deleted></DeleteResult>
    http_version: 
  recorded_at: Wed, 12 Jun 2019 19:19:20 GMT
- request:
    method: delete
    uri: https://some_bucket_name.s3.amazonaws.com/
    body:
      encoding: UTF-8
      string: ''
    headers:
      Content-Type:
      - ''
      Accept-Encoding:
      - ''
      User-Agent:
      - aws-sdk-ruby3/3.44.1 ruby/2.5.0 x86_64-darwin16 aws-sdk-s3/1.30.0
      Host:
      - some_bucket_name.s3.amazonaws.com
      X-Amz-Date:
      - 20190612T191920Z
      X-Amz-Content-Sha256:
      - e3b0c44298fc1c149afbf4c8996fb92427ae41e4649b934ca495991b7852b855
      Authorization:
      - AWS4-HMAC-SHA256 Credential=AWS_ACCESS_KEY_ID/20190612/us-east-1/s3/aws4_request,
        SignedHeaders=host;user-agent;x-amz-content-sha256;x-amz-date, Signature=<SignatureValue>
      Content-Length:
      - '0'
      Accept:
      - "*/*"
  response:
    status:
      code: 204
      message: No Content
    headers:
      X-Amz-Id-2:
      - gEleYCM41h8WAy2wm2Sy1WlfckFk6tk0c1ExhL2/y167/PnP5m0ySwOUkNJgeJYzj/T08PkfS9Y=
      X-Amz-Request-Id:
      - E2C279170BFD472B
      Date:
      - Wed, 12 Jun 2019 19:19:21 GMT
      Server:
      - AmazonS3
    body:
      encoding: UTF-8
      string: ''
    http_version: 
  recorded_at: Wed, 12 Jun 2019 19:19:22 GMT
recorded_with: VCR 4.0.0
