---
http_interactions:
- request:
    method: post
    uri: https://dynamodb.us-east-2.amazonaws.com/
    body:
      encoding: UTF-8
      string: '{"AttributeDefinitions":[{"AttributeName":"book_version_id","AttributeType":"S"},{"AttributeName":"indexing_strategy_name","AttributeType":"S"}],"TableName":"test_indexing","KeySchema":[{"AttributeName":"book_version_id","KeyType":"HASH"},{"AttributeName":"indexing_strategy_name","KeyType":"RANGE"}],"ProvisionedThroughput":{"ReadCapacityUnits":2,"WriteCapacityUnits":2}}'
    headers:
      Content-Type:
      - application/x-amz-json-1.0
      Accept-Encoding:
      - ''
      User-Agent:
      - aws-sdk-ruby3/3.44.1 ruby/2.5.0 x86_64-darwin16 aws-sdk-dynamodb/1.21.0
      X-Amz-Target:
      - DynamoDB_20120810.CreateTable
      Host:
      - dynamodb.us-east-2.amazonaws.com
      X-Amz-Date:
      - 20190612T211014Z
      X-Amz-Content-Sha256:
      - 560d274fe07649d0c2046c4fbc04178d9e9663e684bb1f2a1fe02b6ee31d301e
      Authorization:
      - AWS4-HMAC-SHA256 Credential=AWS_ACCESS_KEY_ID/20190612/us-east-2/dynamodb/aws4_request,
        SignedHeaders=content-type;host;x-amz-content-sha256;x-amz-date;x-amz-target,
        Signature=<SignatureValue>
      Content-Length:
      - '372'
      Accept:
      - "*/*"
  response:
    status:
      code: 200
      message: OK
    headers:
      Server:
      - Server
      Date:
      - Wed, 12 Jun 2019 21:10:14 GMT
      Content-Type:
      - application/x-amz-json-1.0
      Content-Length:
      - '638'
      Connection:
      - keep-alive
      X-Amzn-Requestid:
      - UHVU0JPTJM94NKT3OFCPKEUFOVVV4KQNSO5AEMVJF66Q9ASUAAJG
      X-Amz-Crc32:
      - '1904653446'
    body:
      encoding: UTF-8
      string: '{"TableDescription":{"AttributeDefinitions":[{"AttributeName":"book_version_id","AttributeType":"S"},{"AttributeName":"indexing_strategy_name","AttributeType":"S"}],"CreationDateTime":1.560373814754E9,"ItemCount":0,"KeySchema":[{"AttributeName":"book_version_id","KeyType":"HASH"},{"AttributeName":"indexing_strategy_name","KeyType":"RANGE"}],"ProvisionedThroughput":{"NumberOfDecreasesToday":0,"ReadCapacityUnits":2,"WriteCapacityUnits":2},"TableArn":"arn:aws:dynamodb:us-east-2:AWS_ACCOUNT_ID:table/test_indexing","TableId":"7efea29f-ab87-4c34-a4d6-8c75381959eb","TableName":"test_indexing","TableSizeBytes":0,"TableStatus":"CREATING"}}'
    http_version: 
  recorded_at: Wed, 12 Jun 2019 21:10:14 GMT
- request:
    method: post
    uri: https://dynamodb.us-east-2.amazonaws.com/
    body:
      encoding: UTF-8
      string: '{"TableName":"test_indexing"}'
    headers:
      Content-Type:
      - application/x-amz-json-1.0
      Accept-Encoding:
      - ''
      User-Agent:
      - aws-sdk-ruby3/3.44.1 ruby/2.5.0 x86_64-darwin16 aws-sdk-dynamodb/1.21.0
      X-Amz-Target:
      - DynamoDB_20120810.DescribeTable
      Host:
      - dynamodb.us-east-2.amazonaws.com
      X-Amz-Date:
      - 20190612T211014Z
      X-Amz-Content-Sha256:
      - b769faf39a6d0d44a0e395242dec7e6988e15b38ec5ad2735c8e20b1cb6c56c3
      Authorization:
      - AWS4-HMAC-SHA256 Credential=AWS_ACCESS_KEY_ID/20190612/us-east-2/dynamodb/aws4_request,
        SignedHeaders=content-type;host;x-amz-content-sha256;x-amz-date;x-amz-target,
        Signature=<SignatureValue>
      Content-Length:
      - '29'
      Accept:
      - "*/*"
  response:
    status:
      code: 200
      message: OK
    headers:
      Server:
      - Server
      Date:
      - Wed, 12 Jun 2019 21:10:15 GMT
      Content-Type:
      - application/x-amz-json-1.0
      Content-Length:
      - '627'
      Connection:
      - keep-alive
      X-Amzn-Requestid:
      - CQR7DB3HBP3GQI89R58EU17F4RVV4KQNSO5AEMVJF66Q9ASUAAJG
      X-Amz-Crc32:
      - '2332732049'
    body:
      encoding: UTF-8
      string: '{"Table":{"AttributeDefinitions":[{"AttributeName":"book_version_id","AttributeType":"S"},{"AttributeName":"indexing_strategy_name","AttributeType":"S"}],"CreationDateTime":1.560373814754E9,"ItemCount":0,"KeySchema":[{"AttributeName":"book_version_id","KeyType":"HASH"},{"AttributeName":"indexing_strategy_name","KeyType":"RANGE"}],"ProvisionedThroughput":{"NumberOfDecreasesToday":0,"ReadCapacityUnits":2,"WriteCapacityUnits":2},"TableArn":"arn:aws:dynamodb:us-east-2:AWS_ACCOUNT_ID:table/test_indexing","TableId":"7efea29f-ab87-4c34-a4d6-8c75381959eb","TableName":"test_indexing","TableSizeBytes":0,"TableStatus":"CREATING"}}'
    http_version: 
  recorded_at: Wed, 12 Jun 2019 21:10:15 GMT
- request:
    method: post
    uri: https://dynamodb.us-east-2.amazonaws.com/
    body:
      encoding: UTF-8
      string: '{"TableName":"test_indexing"}'
    headers:
      Content-Type:
      - application/x-amz-json-1.0
      Accept-Encoding:
      - ''
      User-Agent:
      - aws-sdk-ruby3/3.44.1 ruby/2.5.0 x86_64-darwin16 aws-sdk-dynamodb/1.21.0
      X-Amz-Target:
      - DynamoDB_20120810.DescribeTable
      Host:
      - dynamodb.us-east-2.amazonaws.com
      X-Amz-Date:
      - 20190612T211035Z
      X-Amz-Content-Sha256:
      - b769faf39a6d0d44a0e395242dec7e6988e15b38ec5ad2735c8e20b1cb6c56c3
      Authorization:
      - AWS4-HMAC-SHA256 Credential=AWS_ACCESS_KEY_ID/20190612/us-east-2/dynamodb/aws4_request,
        SignedHeaders=content-type;host;x-amz-content-sha256;x-amz-date;x-amz-target,
        Signature=<SignatureValue>
      Content-Length:
      - '29'
      Accept:
      - "*/*"
  response:
    status:
      code: 200
      message: OK
    headers:
      Server:
      - Server
      Date:
      - Wed, 12 Jun 2019 21:10:35 GMT
      Content-Type:
      - application/x-amz-json-1.0
      Content-Length:
      - '625'
      Connection:
      - keep-alive
      X-Amzn-Requestid:
      - 5F338LHHBDF57P6VJMB05G35BVVV4KQNSO5AEMVJF66Q9ASUAAJG
      X-Amz-Crc32:
      - '1620914762'
    body:
      encoding: UTF-8
      string: '{"Table":{"AttributeDefinitions":[{"AttributeName":"book_version_id","AttributeType":"S"},{"AttributeName":"indexing_strategy_name","AttributeType":"S"}],"CreationDateTime":1.560373814754E9,"ItemCount":0,"KeySchema":[{"AttributeName":"book_version_id","KeyType":"HASH"},{"AttributeName":"indexing_strategy_name","KeyType":"RANGE"}],"ProvisionedThroughput":{"NumberOfDecreasesToday":0,"ReadCapacityUnits":2,"WriteCapacityUnits":2},"TableArn":"arn:aws:dynamodb:us-east-2:AWS_ACCOUNT_ID:table/test_indexing","TableId":"7efea29f-ab87-4c34-a4d6-8c75381959eb","TableName":"test_indexing","TableSizeBytes":0,"TableStatus":"ACTIVE"}}'
    http_version: 
  recorded_at: Wed, 12 Jun 2019 21:10:35 GMT
- request:
    method: post
    uri: https://dynamodb.us-east-2.amazonaws.com/
    body:
      encoding: UTF-8
      string: "{}"
    headers:
      Content-Type:
      - application/x-amz-json-1.0
      Accept-Encoding:
      - ''
      User-Agent:
      - aws-sdk-ruby3/3.44.1 ruby/2.5.0 x86_64-darwin16 aws-sdk-dynamodb/1.21.0
      X-Amz-Target:
      - DynamoDB_20120810.ListTables
      Host:
      - dynamodb.us-east-2.amazonaws.com
      X-Amz-Date:
      - 20190612T211035Z
      X-Amz-Content-Sha256:
      - 44136fa355b3678a1146ad16f7e8649e94fb4fc21fe77e8310c060f61caaff8a
      Authorization:
      - AWS4-HMAC-SHA256 Credential=AWS_ACCESS_KEY_ID/20190612/us-east-2/dynamodb/aws4_request,
        SignedHeaders=content-type;host;x-amz-content-sha256;x-amz-date;x-amz-target,
        Signature=<SignatureValue>
      Content-Length:
      - '2'
      Accept:
      - "*/*"
  response:
    status:
      code: 200
      message: OK
    headers:
      Server:
      - Server
      Date:
      - Wed, 12 Jun 2019 21:10:36 GMT
      Content-Type:
      - application/x-amz-json-1.0
      Content-Length:
      - '175'
      Connection:
      - keep-alive
      X-Amzn-Requestid:
      - 3JTHV7TH7TNMJQVP4UFI5JI7UNVV4KQNSO5AEMVJF66Q9ASUAAJG
      X-Amz-Crc32:
      - '3919057933'
    body:
      encoding: UTF-8
      string: '{"TableNames":["dev_indexing","jun10a-search-dynamo-db-IndexStateDynamoDBTable-1H3O9GD8QLWJD","may28c-search-dynamo-db-IndexStateDynamoDBTable-1877ZMJAKCD7A","test_indexing"]}'
    http_version: 
  recorded_at: Wed, 12 Jun 2019 21:10:36 GMT
- request:
    method: post
    uri: https://dynamodb.us-east-2.amazonaws.com/
    body:
      encoding: UTF-8
      string: '{"TableName":"test_indexing","Item":{"created_at":{"S":"2019-06-12T21:10:36+00:00"},"updated_at":{"S":"2019-06-12T21:10:36+00:00"},"book_version_id":{"S":"14fb4ad7-39a1-4eee-ab6e-3ef2482e3e22@15.1"},"indexing_strategy_name":{"S":"I1"},"state":{"S":"create
        pending"},"status_log":{"L":[{"S":"{\"action\":\"enqueued_create\",\"at\":\"2019-06-12T21:10:35.894Z\"}"}]}},"Expected":{"book_version_id":{"Exists":false},"indexing_strategy_name":{"Exists":false}}}'
    headers:
      Content-Type:
      - application/x-amz-json-1.0
      Accept-Encoding:
      - ''
      User-Agent:
      - aws-sdk-ruby3/3.44.1 ruby/2.5.0 x86_64-darwin16 aws-sdk-dynamodb/1.21.0
      X-Amz-Target:
      - DynamoDB_20120810.PutItem
      Host:
      - dynamodb.us-east-2.amazonaws.com
      X-Amz-Date:
      - 20190612T211036Z
      X-Amz-Content-Sha256:
      - 3d1331686faea0b59f3fc09b9df19cc37253dc21231c6a78c7c63034cb1743ee
      Authorization:
      - AWS4-HMAC-SHA256 Credential=AWS_ACCESS_KEY_ID/20190612/us-east-2/dynamodb/aws4_request,
        SignedHeaders=content-type;host;x-amz-content-sha256;x-amz-date;x-amz-target,
        Signature=<SignatureValue>
      Content-Length:
      - '455'
      Accept:
      - "*/*"
  response:
    status:
      code: 200
      message: OK
    headers:
      Server:
      - Server
      Date:
      - Wed, 12 Jun 2019 21:10:36 GMT
      Content-Type:
      - application/x-amz-json-1.0
      Content-Length:
      - '2'
      Connection:
      - keep-alive
      X-Amzn-Requestid:
      - 1257LUNQ4MPMF4L7ASBMLM65BNVV4KQNSO5AEMVJF66Q9ASUAAJG
      X-Amz-Crc32:
      - '2745614147'
    body:
      encoding: UTF-8
      string: "{}"
    http_version: 
  recorded_at: Wed, 12 Jun 2019 21:10:36 GMT
- request:
    method: post
    uri: https://dynamodb.us-east-2.amazonaws.com/
    body:
      encoding: UTF-8
      string: '{"TableName":"test_indexing"}'
    headers:
      Content-Type:
      - application/x-amz-json-1.0
      Accept-Encoding:
      - ''
      User-Agent:
      - aws-sdk-ruby3/3.44.1 ruby/2.5.0 x86_64-darwin16 aws-sdk-dynamodb/1.21.0
      X-Amz-Target:
      - DynamoDB_20120810.DescribeTable
      Host:
      - dynamodb.us-east-2.amazonaws.com
      X-Amz-Date:
      - 20190612T211036Z
      X-Amz-Content-Sha256:
      - b769faf39a6d0d44a0e395242dec7e6988e15b38ec5ad2735c8e20b1cb6c56c3
      Authorization:
      - AWS4-HMAC-SHA256 Credential=AWS_ACCESS_KEY_ID/20190612/us-east-2/dynamodb/aws4_request,
        SignedHeaders=content-type;host;x-amz-content-sha256;x-amz-date;x-amz-target,
        Signature=<SignatureValue>
      Content-Length:
      - '29'
      Accept:
      - "*/*"
  response:
    status:
      code: 200
      message: OK
    headers:
      Server:
      - Server
      Date:
      - Wed, 12 Jun 2019 21:10:37 GMT
      Content-Type:
      - application/x-amz-json-1.0
      Content-Length:
      - '625'
      Connection:
      - keep-alive
      X-Amzn-Requestid:
      - LJ2QRORN9EN5R9OA36FFPKU5ANVV4KQNSO5AEMVJF66Q9ASUAAJG
      X-Amz-Crc32:
      - '1620914762'
    body:
      encoding: UTF-8
      string: '{"Table":{"AttributeDefinitions":[{"AttributeName":"book_version_id","AttributeType":"S"},{"AttributeName":"indexing_strategy_name","AttributeType":"S"}],"CreationDateTime":1.560373814754E9,"ItemCount":0,"KeySchema":[{"AttributeName":"book_version_id","KeyType":"HASH"},{"AttributeName":"indexing_strategy_name","KeyType":"RANGE"}],"ProvisionedThroughput":{"NumberOfDecreasesToday":0,"ReadCapacityUnits":2,"WriteCapacityUnits":2},"TableArn":"arn:aws:dynamodb:us-east-2:AWS_ACCOUNT_ID:table/test_indexing","TableId":"7efea29f-ab87-4c34-a4d6-8c75381959eb","TableName":"test_indexing","TableSizeBytes":0,"TableStatus":"ACTIVE"}}'
    http_version: 
  recorded_at: Wed, 12 Jun 2019 21:10:37 GMT
- request:
    method: post
    uri: https://dynamodb.us-east-2.amazonaws.com/
    body:
      encoding: UTF-8
      string: '{"ConsistentRead":false,"ScanIndexForward":true,"Select":"COUNT","TableName":"test_indexing","KeyConditions":{"book_version_id":{"ComparisonOperator":"EQ","AttributeValueList":[{"S":"14fb4ad7-39a1-4eee-ab6e-3ef2482e3e22@15.1"}]}},"QueryFilter":{}}'
    headers:
      Content-Type:
      - application/x-amz-json-1.0
      Accept-Encoding:
      - ''
      User-Agent:
      - aws-sdk-ruby3/3.44.1 ruby/2.5.0 x86_64-darwin16 aws-sdk-dynamodb/1.21.0
      X-Amz-Target:
      - DynamoDB_20120810.Query
      Host:
      - dynamodb.us-east-2.amazonaws.com
      X-Amz-Date:
      - 20190612T211037Z
      X-Amz-Content-Sha256:
      - db7fbc1da807cbcfae110aba513db6c27cfa56d4e07a343db1e010469e0c43b0
      Authorization:
      - AWS4-HMAC-SHA256 Credential=AWS_ACCESS_KEY_ID/20190612/us-east-2/dynamodb/aws4_request,
        SignedHeaders=content-type;host;x-amz-content-sha256;x-amz-date;x-amz-target,
        Signature=<SignatureValue>
      Content-Length:
      - '247'
      Accept:
      - "*/*"
  response:
    status:
      code: 200
      message: OK
    headers:
      Server:
      - Server
      Date:
      - Wed, 12 Jun 2019 21:10:37 GMT
      Content-Type:
      - application/x-amz-json-1.0
      Content-Length:
      - '28'
      Connection:
      - keep-alive
      X-Amzn-Requestid:
      - HF0HCOJ29803LKRMAQGVTRROK7VV4KQNSO5AEMVJF66Q9ASUAAJG
      X-Amz-Crc32:
      - '788233591'
    body:
      encoding: UTF-8
      string: '{"Count":1,"ScannedCount":1}'
    http_version: 
  recorded_at: Wed, 12 Jun 2019 21:10:37 GMT
- request:
    method: post
    uri: https://dynamodb.us-east-2.amazonaws.com/
    body:
      encoding: UTF-8
      string: '{"TableName":"test_indexing"}'
    headers:
      Content-Type:
      - application/x-amz-json-1.0
      Accept-Encoding:
      - ''
      User-Agent:
      - aws-sdk-ruby3/3.44.1 ruby/2.5.0 x86_64-darwin16 aws-sdk-dynamodb/1.21.0
      X-Amz-Target:
      - DynamoDB_20120810.DeleteTable
      Host:
      - dynamodb.us-east-2.amazonaws.com
      X-Amz-Date:
      - 20190612T211037Z
      X-Amz-Content-Sha256:
      - b769faf39a6d0d44a0e395242dec7e6988e15b38ec5ad2735c8e20b1cb6c56c3
      Authorization:
      - AWS4-HMAC-SHA256 Credential=AWS_ACCESS_KEY_ID/20190612/us-east-2/dynamodb/aws4_request,
        SignedHeaders=content-type;host;x-amz-content-sha256;x-amz-date;x-amz-target,
        Signature=<SignatureValue>
      Content-Length:
      - '29'
      Accept:
      - "*/*"
  response:
    status:
      code: 200
      message: OK
    headers:
      Server:
      - Server
      Date:
      - Wed, 12 Jun 2019 21:10:37 GMT
      Content-Type:
      - application/x-amz-json-1.0
      Content-Length:
      - '330'
      Connection:
      - keep-alive
      X-Amzn-Requestid:
      - PN7096RQOVM7IKA0GR9IQ94NG7VV4KQNSO5AEMVJF66Q9ASUAAJG
      X-Amz-Crc32:
      - '2977705185'
    body:
      encoding: UTF-8
      string: '{"TableDescription":{"ItemCount":0,"ProvisionedThroughput":{"NumberOfDecreasesToday":0,"ReadCapacityUnits":2,"WriteCapacityUnits":2},"TableArn":"arn:aws:dynamodb:us-east-2:AWS_ACCOUNT_ID:table/test_indexing","TableId":"7efea29f-ab87-4c34-a4d6-8c75381959eb","TableName":"test_indexing","TableSizeBytes":0,"TableStatus":"DELETING"}}'
    http_version: 
  recorded_at: Wed, 12 Jun 2019 21:10:37 GMT
- request:
    method: post
    uri: https://dynamodb.us-east-2.amazonaws.com/
    body:
      encoding: UTF-8
      string: '{"TableName":"test_indexing"}'
    headers:
      Content-Type:
      - application/x-amz-json-1.0
      Accept-Encoding:
      - ''
      User-Agent:
      - aws-sdk-ruby3/3.44.1 ruby/2.5.0 x86_64-darwin16 aws-sdk-dynamodb/1.21.0
      X-Amz-Target:
      - DynamoDB_20120810.DescribeTable
      Host:
      - dynamodb.us-east-2.amazonaws.com
      X-Amz-Date:
      - 20190612T211037Z
      X-Amz-Content-Sha256:
      - b769faf39a6d0d44a0e395242dec7e6988e15b38ec5ad2735c8e20b1cb6c56c3
      Authorization:
      - AWS4-HMAC-SHA256 Credential=AWS_ACCESS_KEY_ID/20190612/us-east-2/dynamodb/aws4_request,
        SignedHeaders=content-type;host;x-amz-content-sha256;x-amz-date;x-amz-target,
        Signature=<SignatureValue>
      Content-Length:
      - '29'
      Accept:
      - "*/*"
  response:
    status:
      code: 200
      message: OK
    headers:
      Server:
      - Server
      Date:
      - Wed, 12 Jun 2019 21:10:38 GMT
      Content-Type:
      - application/x-amz-json-1.0
      Content-Length:
      - '319'
      Connection:
      - keep-alive
      X-Amzn-Requestid:
      - RVB8NR9OQ2TQC34EE7IJPOCKFNVV4KQNSO5AEMVJF66Q9ASUAAJG
      X-Amz-Crc32:
      - '142769626'
    body:
      encoding: UTF-8
      string: '{"Table":{"ItemCount":0,"ProvisionedThroughput":{"NumberOfDecreasesToday":0,"ReadCapacityUnits":2,"WriteCapacityUnits":2},"TableArn":"arn:aws:dynamodb:us-east-2:AWS_ACCOUNT_ID:table/test_indexing","TableId":"7efea29f-ab87-4c34-a4d6-8c75381959eb","TableName":"test_indexing","TableSizeBytes":0,"TableStatus":"DELETING"}}'
    http_version: 
  recorded_at: Wed, 12 Jun 2019 21:10:38 GMT
- request:
    method: post
    uri: https://dynamodb.us-east-2.amazonaws.com/
    body:
      encoding: UTF-8
      string: '{"TableName":"test_indexing"}'
    headers:
      Content-Type:
      - application/x-amz-json-1.0
      Accept-Encoding:
      - ''
      User-Agent:
      - aws-sdk-ruby3/3.44.1 ruby/2.5.0 x86_64-darwin16 aws-sdk-dynamodb/1.21.0
      X-Amz-Target:
      - DynamoDB_20120810.DescribeTable
      Host:
      - dynamodb.us-east-2.amazonaws.com
      X-Amz-Date:
      - 20190612T211058Z
      X-Amz-Content-Sha256:
      - b769faf39a6d0d44a0e395242dec7e6988e15b38ec5ad2735c8e20b1cb6c56c3
      Authorization:
      - AWS4-HMAC-SHA256 Credential=AWS_ACCESS_KEY_ID/20190612/us-east-2/dynamodb/aws4_request,
        SignedHeaders=content-type;host;x-amz-content-sha256;x-amz-date;x-amz-target,
        Signature=<SignatureValue>
      Content-Length:
      - '29'
      Accept:
      - "*/*"
  response:
    status:
      code: 200
      message: OK
    headers:
      Server:
      - Server
      Date:
      - Wed, 12 Jun 2019 21:10:58 GMT
      Content-Type:
      - application/x-amz-json-1.0
      Content-Length:
      - '319'
      Connection:
      - keep-alive
      X-Amzn-Requestid:
      - VM5LUGRHCOTPTIDE7PFSKM269VVV4KQNSO5AEMVJF66Q9ASUAAJG
      X-Amz-Crc32:
      - '142769626'
    body:
      encoding: UTF-8
      string: '{"Table":{"ItemCount":0,"ProvisionedThroughput":{"NumberOfDecreasesToday":0,"ReadCapacityUnits":2,"WriteCapacityUnits":2},"TableArn":"arn:aws:dynamodb:us-east-2:AWS_ACCOUNT_ID:table/test_indexing","TableId":"7efea29f-ab87-4c34-a4d6-8c75381959eb","TableName":"test_indexing","TableSizeBytes":0,"TableStatus":"DELETING"}}'
    http_version: 
  recorded_at: Wed, 12 Jun 2019 21:10:58 GMT
- request:
    method: post
    uri: https://dynamodb.us-east-2.amazonaws.com/
    body:
      encoding: UTF-8
      string: '{"TableName":"test_indexing"}'
    headers:
      Content-Type:
      - application/x-amz-json-1.0
      Accept-Encoding:
      - ''
      User-Agent:
      - aws-sdk-ruby3/3.44.1 ruby/2.5.0 x86_64-darwin16 aws-sdk-dynamodb/1.21.0
      X-Amz-Target:
      - DynamoDB_20120810.DescribeTable
      Host:
      - dynamodb.us-east-2.amazonaws.com
      X-Amz-Date:
      - 20190612T211118Z
      X-Amz-Content-Sha256:
      - b769faf39a6d0d44a0e395242dec7e6988e15b38ec5ad2735c8e20b1cb6c56c3
      Authorization:
      - AWS4-HMAC-SHA256 Credential=AWS_ACCESS_KEY_ID/20190612/us-east-2/dynamodb/aws4_request,
        SignedHeaders=content-type;host;x-amz-content-sha256;x-amz-date;x-amz-target,
        Signature=<SignatureValue>
      Content-Length:
      - '29'
      Accept:
      - "*/*"
  response:
    status:
      code: 200
      message: OK
    headers:
      Server:
      - Server
      Date:
      - Wed, 12 Jun 2019 21:11:19 GMT
      Content-Type:
      - application/x-amz-json-1.0
      Content-Length:
      - '319'
      Connection:
      - keep-alive
      X-Amzn-Requestid:
      - A4K5M8MD29MD2BCID0JMT1CLRJVV4KQNSO5AEMVJF66Q9ASUAAJG
      X-Amz-Crc32:
      - '142769626'
    body:
      encoding: UTF-8
      string: '{"Table":{"ItemCount":0,"ProvisionedThroughput":{"NumberOfDecreasesToday":0,"ReadCapacityUnits":2,"WriteCapacityUnits":2},"TableArn":"arn:aws:dynamodb:us-east-2:AWS_ACCOUNT_ID:table/test_indexing","TableId":"7efea29f-ab87-4c34-a4d6-8c75381959eb","TableName":"test_indexing","TableSizeBytes":0,"TableStatus":"DELETING"}}'
    http_version: 
  recorded_at: Wed, 12 Jun 2019 21:11:19 GMT
- request:
    method: post
    uri: https://dynamodb.us-east-2.amazonaws.com/
    body:
      encoding: UTF-8
      string: '{"TableName":"test_indexing"}'
    headers:
      Content-Type:
      - application/x-amz-json-1.0
      Accept-Encoding:
      - ''
      User-Agent:
      - aws-sdk-ruby3/3.44.1 ruby/2.5.0 x86_64-darwin16 aws-sdk-dynamodb/1.21.0
      X-Amz-Target:
      - DynamoDB_20120810.DescribeTable
      Host:
      - dynamodb.us-east-2.amazonaws.com
      X-Amz-Date:
      - 20190612T211139Z
      X-Amz-Content-Sha256:
      - b769faf39a6d0d44a0e395242dec7e6988e15b38ec5ad2735c8e20b1cb6c56c3
      Authorization:
      - AWS4-HMAC-SHA256 Credential=AWS_ACCESS_KEY_ID/20190612/us-east-2/dynamodb/aws4_request,
        SignedHeaders=content-type;host;x-amz-content-sha256;x-amz-date;x-amz-target,
        Signature=<SignatureValue>
      Content-Length:
      - '29'
      Accept:
      - "*/*"
  response:
    status:
      code: 200
      message: OK
    headers:
      Server:
      - Server
      Date:
      - Wed, 12 Jun 2019 21:11:40 GMT
      Content-Type:
      - application/x-amz-json-1.0
      Content-Length:
      - '319'
      Connection:
      - keep-alive
      X-Amzn-Requestid:
      - 71HUPKID18PC6IBNIF0IKPB0VJVV4KQNSO5AEMVJF66Q9ASUAAJG
      X-Amz-Crc32:
      - '142769626'
    body:
      encoding: UTF-8
      string: '{"Table":{"ItemCount":0,"ProvisionedThroughput":{"NumberOfDecreasesToday":0,"ReadCapacityUnits":2,"WriteCapacityUnits":2},"TableArn":"arn:aws:dynamodb:us-east-2:AWS_ACCOUNT_ID:table/test_indexing","TableId":"7efea29f-ab87-4c34-a4d6-8c75381959eb","TableName":"test_indexing","TableSizeBytes":0,"TableStatus":"DELETING"}}'
    http_version: 
  recorded_at: Wed, 12 Jun 2019 21:11:40 GMT
- request:
    method: post
    uri: https://dynamodb.us-east-2.amazonaws.com/
    body:
      encoding: UTF-8
      string: '{"TableName":"test_indexing"}'
    headers:
      Content-Type:
      - application/x-amz-json-1.0
      Accept-Encoding:
      - ''
      User-Agent:
      - aws-sdk-ruby3/3.44.1 ruby/2.5.0 x86_64-darwin16 aws-sdk-dynamodb/1.21.0
      X-Amz-Target:
      - DynamoDB_20120810.DescribeTable
      Host:
      - dynamodb.us-east-2.amazonaws.com
      X-Amz-Date:
      - 20190612T211200Z
      X-Amz-Content-Sha256:
      - b769faf39a6d0d44a0e395242dec7e6988e15b38ec5ad2735c8e20b1cb6c56c3
      Authorization:
      - AWS4-HMAC-SHA256 Credential=AWS_ACCESS_KEY_ID/20190612/us-east-2/dynamodb/aws4_request,
        SignedHeaders=content-type;host;x-amz-content-sha256;x-amz-date;x-amz-target,
        Signature=<SignatureValue>
      Content-Length:
      - '29'
      Accept:
      - "*/*"
  response:
    status:
      code: 200
      message: OK
    headers:
      Server:
      - Server
      Date:
      - Wed, 12 Jun 2019 21:12:00 GMT
      Content-Type:
      - application/x-amz-json-1.0
      Content-Length:
      - '319'
      Connection:
      - keep-alive
      X-Amzn-Requestid:
      - B6MRQO424RCD7QEEC3NNK8V9KRVV4KQNSO5AEMVJF66Q9ASUAAJG
      X-Amz-Crc32:
      - '142769626'
    body:
      encoding: UTF-8
      string: '{"Table":{"ItemCount":0,"ProvisionedThroughput":{"NumberOfDecreasesToday":0,"ReadCapacityUnits":2,"WriteCapacityUnits":2},"TableArn":"arn:aws:dynamodb:us-east-2:AWS_ACCOUNT_ID:table/test_indexing","TableId":"7efea29f-ab87-4c34-a4d6-8c75381959eb","TableName":"test_indexing","TableSizeBytes":0,"TableStatus":"DELETING"}}'
    http_version: 
  recorded_at: Wed, 12 Jun 2019 21:12:00 GMT
- request:
    method: post
    uri: https://dynamodb.us-east-2.amazonaws.com/
    body:
      encoding: UTF-8
      string: '{"TableName":"test_indexing"}'
    headers:
      Content-Type:
      - application/x-amz-json-1.0
      Accept-Encoding:
      - ''
      User-Agent:
      - aws-sdk-ruby3/3.44.1 ruby/2.5.0 x86_64-darwin16 aws-sdk-dynamodb/1.21.0
      X-Amz-Target:
      - DynamoDB_20120810.DescribeTable
      Host:
      - dynamodb.us-east-2.amazonaws.com
      X-Amz-Date:
      - 20190612T211220Z
      X-Amz-Content-Sha256:
      - b769faf39a6d0d44a0e395242dec7e6988e15b38ec5ad2735c8e20b1cb6c56c3
      Authorization:
      - AWS4-HMAC-SHA256 Credential=AWS_ACCESS_KEY_ID/20190612/us-east-2/dynamodb/aws4_request,
        SignedHeaders=content-type;host;x-amz-content-sha256;x-amz-date;x-amz-target,
        Signature=<SignatureValue>
      Content-Length:
      - '29'
      Accept:
      - "*/*"
  response:
    status:
      code: 400
      message: Bad Request
    headers:
      Server:
      - Server
      Date:
      - Wed, 12 Jun 2019 21:12:21 GMT
      Content-Type:
      - application/x-amz-json-1.0
      Content-Length:
      - '144'
      Connection:
      - keep-alive
      X-Amzn-Requestid:
      - V8GBDR1GVRL5VPNVLT1OJRUKQ7VV4KQNSO5AEMVJF66Q9ASUAAJG
      X-Amz-Crc32:
      - '504833711'
    body:
      encoding: UTF-8
      string: '{"__type":"com.amazonaws.dynamodb.v20120810#ResourceNotFoundException","message":"Requested
        resource not found: Table: test_indexing not found"}'
    http_version: 
  recorded_at: Wed, 12 Jun 2019 21:12:21 GMT
recorded_with: VCR 4.0.0
